[{"recordId":0,"flag":"green"},{"recordId":1,"flag":"green"},{"recordId":2,"flag":"green"},{"recordId":3,"flag":"green"},{"recordId":4,"flag":"red"}]